// Jest Snapshot v1, https://goo.gl/fbAQLP

exports[`Button should render correctly without any issues 1`] = `
<button
  className="root"
  onClick={[Function]}
>
  Label
</button>
`;
